// Jest Snapshot v1, https://goo.gl/fbAQLP

exports[`Profile Card snapshot 1`] = `null`;
